ASP_3	3.28	SUFACE	0.00	261	0.28	4	-0.80	ARG_20	0.00	000_0	0.00	000_0
ASP_10	3.22	SUFACE	0.00	280	0.91	13	-0.32	HIS_13	-0.01	ASP_10	0.00	000_0
GLU_24	4.49	SUFACE	0.00	279	0.07	1	-0.08	GLU_185	0.00	000_0	0.00	000_0
ASP_25	2.30	SUFACE	0.00	330	0.70	10	-0.41	TYR_23	-0.98	ARG_26	0.00	000_0
ASP_45	3.48	SUFACE	0.00	371	0.70	10	0.00	000_0	-0.35	ASN_46	0.00	000_0
ASP_91	4.15	SUFACE	0.00	261	0.35	5	0.00	000_0	0.00	000_0	0.00	000_0
ASP_99	3.43	SUFACE	0.00	317	0.77	11	0.00	000_0	-1.13	ASN_95	0.00	000_0
ASP_103	2.57	SUFACE	0.00	245	0.77	11	-0.80	THR_105	-1.12	THR_105	0.00	000_0
ASP_108	3.06	SUFACE	0.00	231	0.28	4	-0.47	ARG_106	-0.55	ASP_108	0.00	000_0
GLU_113	4.64	SUFACE	0.00	169	0.14	2	0.00	000_0	0.00	000_0	0.00	000_0
ASP_125	-0.05	BURIED	0.39	439	0.56	8	-2.40	ARG_80	0.00	000_0	-2.40	ARG_80
ASP_135	3.04	SUFACE	0.00	201	0.42	6	-0.68	THR_134	-0.09	LEU_132	0.00	000_0
GLU_138	4.05	SUFACE	0.00	339	0.28	4	-0.66	HIS_128	-0.07	VAL_139	0.00	000_0
ASP_141	4.15	SUFACE	0.00	311	0.35	5	0.00	000_0	0.00	000_0	0.00	000_0
ASP_167	1.64	BURIED	1.64	564	0.70	10	-1.20	N+_57	-0.90	GLY_150	-2.40	N+_57
GLU_185	4.79	SUFACE	0.00	330	0.21	3	0.08	GLU_24	0.00	000_0	0.00	000_0
GLU_187	4.46	SUFACE	0.00	327	0.21	3	-0.25	ARG_20	0.00	000_0	0.00	000_0
ASP_200	3.68	SUFACE	0.00	328	0.35	5	-0.47	THR_198	0.00	000_0	0.00	000_0
ASP_203	2.20	SUFACE	0.00	255	0.98	14	-0.34	ASN_207	-0.21	ASP_203	0.00	000_0
ASP_205	4.01	SUFACE	0.00	151	0.21	3	0.00	000_0	0.00	000_0	0.00	000_0
ASP_213	3.83	SUFACE	0.00	120	0.14	2	0.00	000_0	-0.11	GLY_214	0.00	000_0
ASP_216	4.29	SUFACE	0.00	238	0.49	7	0.00	000_0	0.00	000_0	0.00	000_0
ASP_217	4.01	SUFACE	0.00	111	0.21	3	0.00	000_0	0.00	000_0	0.00	000_0
ASP_218	3.87	SUFACE	0.00	122	0.07	1	0.00	000_0	0.00	000_0	0.00	000_0
C-_219	3.55	SUFACE	0.00	140	0.35	5	0.00	000_0	0.00	000_0	0.00	000_0
HIS_13	6.61	SUFACE	0.00	276	-0.21	3	0.32	ASP_10	0.00	000_0	0.00	000_0
HIS_32	6.50	SUFACE	0.00	227	-0.00	0	0.00	000_0	0.00	000_0	0.00	000_0
HIS_44	6.36	SUFACE	0.00	216	-0.14	2	0.00	000_0	0.00	000_0	0.00	000_0
HIS_53	5.02	BURIED	-0.15	415	-1.33	19	0.00	000_0	0.00	000_0	0.00	000_0
HIS_69	8.03	SUFACE	0.00	177	-0.07	1	1.60	CYS_73	0.00	000_0	0.00	000_0
HIS_123	3.17	BURIED	-0.75	475	-2.59	37	0.00	000_0	0.01	VAL_145	0.00	000_0
HIS_128	4.61	BURIED	-0.45	445	-2.10	30	0.66	GLU_138	0.00	000_0	0.00	000_0
HIS_129	6.43	SUFACE	0.00	273	-0.07	1	0.00	000_0	0.00	000_0	0.00	000_0
HIS_133	7.72	SUFACE	0.00	230	-0.28	4	1.50	CYS_73	0.00	000_0	0.00	000_0
HIS_193	2.99	BURIED	-0.85	485	-2.66	38	0.00	000_0	0.00	000_0	0.00	000_0
CYS_36	10.19	BURIED	1.12	512	0.07	1	0.00	000_0	0.00	000_0	0.00	000_0
CYS_66	9.14	SUFACE	0.00	349	0.14	2	0.00	000_0	0.00	000_0	0.00	000_0
CYS_73	3.19	SUFACE	0.00	210	0.07	1	-1.60	HIS_69	-2.39	GLY_70	0.00	000_0
CYS_79	11.62	BURIED	1.77	577	0.00	0	0.00	000_0	-0.40	LEU_174	1.25	CYS_180
CYS_84	10.21	BURIED	1.77	577	0.00	0	0.00	000_0	-0.56	TYR_170	0.00	000_0
CYS_90	6.62	SUFACE	0.00	339	0.00	0	0.00	000_0	-2.38	ILE_92	0.00	000_0
CYS_173	11.93	BURIED	2.40	640	0.07	1	0.00	000_0	-1.07	MET_82	1.53	CYS_79
CYS_180	9.75	BURIED	0.84	484	0.07	1	0.00	000_0	-0.07	LEU_68	0.00	000_0
TYR_9	10.00	SUFACE	0.00	382	0.00	0	0.00	000_0	0.00	000_0	0.00	000_0
TYR_16	11.70	SUFACE	0.00	325	0.00	0	0.00	000_0	0.00	000_0	1.70	ASP_10
TYR_23	12.37	BURIED	0.18	418	0.14	2	0.41	ASP_25	-0.33	ASN_40	2.06	ASP_25
TYR_52	9.65	SUFACE	0.00	345	0.21	3	-0.58	ASN_54	-0.04	ASN_54	0.06	ASP_10
TYR_72	10.00	SUFACE	0.00	134	0.00	0	0.00	000_0	0.00	000_0	0.00	000_0
TYR_124	9.15	SUFACE	0.00	386	0.21	3	-0.80	HIS_128	0.00	000_0	0.00	000_0
TYR_170	10.92	BURIED	0.58	458	0.07	1	0.00	000_0	0.00	000_0	0.27	CYS_36
TYR_197	10.00	SUFACE	0.00	290	0.00	0	0.00	000_0	0.00	000_0	0.00	000_0
N+_57	8.19	BURIED	-1.51	551	-0.70	10	0.00	000_0	0.00	000_0	2.40	ASP_167
ARG_14	12.01	SUFACE	0.00	336	-0.49	7	0.00	000_0	0.00	000_0	0.00	000_0
ARG_19	11.02	BURIED	-0.64	464	-0.84	12	0.00	000_0	0.00	000_0	0.00	000_0
ARG_20	12.08	SUFACE	0.00	277	-0.42	6	0.00	000_0	0.00	000_0	0.00	000_0
ARG_26	12.43	SUFACE	0.00	228	-0.07	1	0.00	000_0	0.00	000_0	0.00	000_0
ARG_37	12.15	SUFACE	0.00	372	-0.35	5	0.00	000_0	0.00	000_0	0.00	000_0
ARG_47	11.80	SUFACE	0.00	316	-0.70	10	0.00	000_0	0.00	000_0	0.00	000_0
ARG_58	12.43	SUFACE	0.00	299	-0.07	1	0.00	000_0	0.00	000_0	0.00	000_0
ARG_60	12.43	SUFACE	0.00	256	-0.07	1	0.00	000_0	0.00	000_0	0.00	000_0
ARG_62	12.50	SUFACE	0.00	270	-0.00	0	0.00	000_0	0.00	000_0	0.00	000_0
ARG_76	11.94	SUFACE	0.00	246	-0.56	8	0.00	000_0	0.00	000_0	0.00	000_0
ARG_80	14.08	BURIED	-0.26	426	-0.56	8	0.00	000_0	0.00	000_0	2.40	ASP_125
ARG_88	12.50	SUFACE	0.00	324	-0.00	0	0.00	000_0	0.00	000_0	0.00	000_0
ARG_98	12.43	SUFACE	0.00	203	-0.07	1	0.00	000_0	0.00	000_0	0.00	000_0
ARG_106	12.29	SUFACE	0.00	179	-0.21	3	0.00	000_0	0.00	000_0	0.00	000_0
ARG_126	12.22	SUFACE	0.00	277	-0.28	4	0.00	000_0	0.00	000_0	0.00	000_0
ARG_147	11.66	SUFACE	0.00	268	-0.84	12	0.00	000_0	0.00	000_0	0.00	000_0
ARG_162	12.50	SUFACE	0.00	100	-0.00	0	0.00	000_0	0.00	000_0	0.00	000_0
ARG_183	12.50	SUFACE	0.00	285	-0.00	0	0.00	000_0	0.00	000_0	0.00	000_0
